1



            * * * * * * * * * * * * * * * * * * * * * * * * * * * 
            *                                                   *
            *                    C O N M I N                    *
            *                                                   *
            *                FORTRAN PROGRAM FOR                *
            *                                                   *
            *         CONSTRAINED FUNCTION MINIMIZATION         *
            *                                                   *
            * * * * * * * * * * * * * * * * * * * * * * * * * * * 




     CONSTRAINED FUNCTION MINIMIZATION

     CONTROL PARAMETERS

     IPRINT  NDV    ITMAX    NCON    NSIDE  ICNDIR   NSCAL   NFDG
       2       2   10000       1       0       3       0       1

     LINOBJ  ITRM     N1      N2      N3      N4      N5
       0       2       4       5       5       5      10

         CT              CTMIN           CTL             CTLMIN
     -0.10000E+00     0.40000E-02    -0.10000E-01     0.10000E-02

         THETA           PHI             DELFUN          DABFUN
      0.10000E+01     0.50000E+01     0.10000E-05     0.22000E-04

         FDCH            FDCHM           ALPHAX          ABOBJ1
      0.10000E-01     0.10000E-01     0.10000E+00     0.10000E+00

     ALL CONSTRAINTS ARE NON-LINEAR


     INITIAL FUNCTION INFORMATION

     OBJ =   0.220000E+02

     DECISION VARIABLES (X-VECTOR)
       1)    0.00000E+00  0.00000E+00

     CONSTRAINT VALUES (G-VECTOR)
       1)    0.15000E+02
 




     ITER =    1     OBJ =  -0.26828E+02

     DECISION VARIABLES (X-VECTOR)
       1)    0.74584E+01 -0.75416E+01

     CONSTRAINT VALUES (G-VECTOR)
       1)   -0.17764E-14




     ITER =    2     OBJ =  -0.26931E+02

     DECISION VARIABLES (X-VECTOR)
       1)    0.73848E+01 -0.78187E+01

     CONSTRAINT VALUES (G-VECTOR)
       1)   -0.20350E+00




     ITER =    3     OBJ =  -0.27073E+02

     DECISION VARIABLES (X-VECTOR)
       1)    0.72240E+01 -0.77760E+01

     CONSTRAINT VALUES (G-VECTOR)
       1)    0.00000E+00




     ITER =    4     OBJ =  -0.27252E+02

     DECISION VARIABLES (X-VECTOR)
       1)    0.72240E+01 -0.77760E+01

     CONSTRAINT VALUES (G-VECTOR)
       1)    0.00000E+00




     ITER =    5     OBJ =  -0.27076E+02

     DECISION VARIABLES (X-VECTOR)
       1)    0.71996E+01 -0.78103E+01

     CONSTRAINT VALUES (G-VECTOR)
       1)   -0.99092E-02




     ITER =    6     OBJ =  -0.27078E+02

     DECISION VARIABLES (X-VECTOR)
       1)    0.71806E+01 -0.78304E+01

     CONSTRAINT VALUES (G-VECTOR)
       1)   -0.11016E-01




     ITER =    7     OBJ =  -0.27077E+02

     DECISION VARIABLES (X-VECTOR)
       1)    0.71829E+01 -0.78281E+01

     CONSTRAINT VALUES (G-VECTOR)
       1)   -0.11042E-01




     ITER =    8     OBJ =  -0.27083E+02

     DECISION VARIABLES (X-VECTOR)
       1)    0.71770E+01 -0.78230E+01

     CONSTRAINT VALUES (G-VECTOR)
       1)    0.00000E+00




     ITER =    9     OBJ =  -0.27083E+02

     DECISION VARIABLES (X-VECTOR)
       1)    0.71719E+01 -0.78284E+01

     CONSTRAINT VALUES (G-VECTOR)
       1)   -0.32774E-03




     ITER =   10     OBJ =  -0.27083E+02

     DECISION VARIABLES (X-VECTOR)
       1)    0.71724E+01 -0.78280E+01

     CONSTRAINT VALUES (G-VECTOR)
       1)   -0.33050E-03




     ITER =   11     OBJ =  -0.27083E+02

     DECISION VARIABLES (X-VECTOR)
       1)    0.71689E+01 -0.78315E+01

     CONSTRAINT VALUES (G-VECTOR)
       1)   -0.47087E-03
1



    FINAL OPTIMIZATION INFORMATION

     OBJ =  -0.270831E+02

     DECISION VARIABLES (X-VECTOR)
       1)    0.71689E+01 -0.78315E+01

     CONSTRAINT VALUES (G-VECTOR)
       1)   -0.47087E-03

     THERE ARE    1 ACTIVE CONSTRAINTS
     CONSTRAINT NUMBERS ARE
         1

     THERE ARE    0 VIOLATED CONSTRAINTS

     TERMINATION CRITERION
          ABS(1-OBJ(I-1)/OBJ(I)) LESS THAN DELFUN FOR  2 ITERATIONS
          ABS(OBJ(I)-OBJ(I-1))   LESS THAN DABFUN FOR  2 ITERATIONS

     NUMBER OF ITERATIONS =   11

     OBJECTIVE FUNCTION WAS EVALUATED           33  TIMES

     CONSTRAINT FUNCTIONS WERE EVALUATED        33  TIMES

     GRADIENT OF OBJECTIVE WAS CALCULATED       11  TIMES

     GRADIENTS OF CONSTRAINTS WERE CALCULATED   11  TIMES


        NUMBER OF FUNC-CALLS:  NFUN =   33
        NUMBER OF GRAD-CALLS:  NGRD =   11
